{smcl}
{txt}{sf}{ul off}{.-}
      name:  {res}<unnamed>
       {txt}log:  {res}E:\16GBBACKUPUSB\BACKUP_USB_SEPTEMBER2014\May Baydoun_folder\HANDLS_PAPER65_HCY_COGN\OUTPUT\FIGURE3.smcl
  {txt}log type:  {res}smcl
 {txt}opened on:  {res} 5 Jan 2024, 09:41:15
{txt}
{com}. 
. 
. //////////////////////////////////////FIGURE 4: HCY AT V1 VS. CES-D, TOTAL POPULATION///////////////////////
> 
. 
. 
. use finaldata_imputed_FINAL, clear
{txt}
{com}. 
. 
. mi extract 1
{txt}
{com}. save final_imputed_one, replace
{txt}{p 0 4 2}
(file {bf}
final_imputed_one.dta{rm}
not found)
{p_end}
{p 0 4 2}
file {bf}
final_imputed_one.dta{rm}
saved
{p_end}

{com}. 
. 
. mixed LnTrailsAtestSec  c.timew1w3##c.w1Agecent48 c.timew1w3##Sex c.timew1w3##Race  c.timew1w3##PovStat  c.timew1w3##c.invmillsmms ///
> c.timew1w3##c.w1HCYcenter2p15   ///
> if sample4jobs==1 || HNDID: timew1w3
{txt}note: {bf:timew1w3} omitted because of collinearity.
note: {bf:timew1w3} omitted because of collinearity.
note: {bf:timew1w3} omitted because of collinearity.
note: {bf:timew1w3} omitted because of collinearity.
note: {bf:timew1w3} omitted because of collinearity.
{res}
{txt}Performing EM optimization ...
{res}
{txt}Performing gradient-based optimization: 
{res}{txt}Iteration 0:{space 2}Log likelihood = {res:-927.25065}  (not concave)
Iteration 1:{space 2}Log likelihood = {res: -898.7852}  
Iteration 2:{space 2}Log likelihood = {res:-895.97393}  
Iteration 3:{space 2}Log likelihood = {res:-895.48051}  
Iteration 4:{space 2}Log likelihood = {res:-895.48049}  
{res}
{txt}Computing standard errors ...
{res}
{txt}Mixed-effects ML regression{col 54}Number of obs{col 70} = {res} 2,701
{txt}Group variable: {res}HNDID{col 54}{txt}Number of groups{col 70} = {res} 1,428
{txt}{col 54}Obs per group:
{col 67}min = {res}     1
{txt}{col 67}avg = {res}   1.9
{txt}{col 67}max = {res}     2
{col 54}{txt}Wald chi2({res}13{txt}){col 70} = {res}370.20
{txt}Log likelihood = {res}-895.48049{col 54}{txt}Prob > chi2{col 70} = {res}0.0000

{txt}{hline 29}{c TT}{hline 11}{hline 11}{hline 9}{hline 8}{hline 13}{hline 12}
{col 1}            LnTrailsAtestSec{col 30}{c |} Coefficient{col 42}  Std. err.{col 54}      z{col 62}   P>|z|{col 70}     [95% con{col 83}f. interval]
{hline 29}{c +}{hline 11}{hline 11}{hline 9}{hline 8}{hline 13}{hline 12}
{space 20}timew1w3 {c |}{col 30}{res}{space 2} .0007784{col 42}{space 2} .0040718{col 53}{space 1}    0.19{col 62}{space 3}0.848{col 70}{space 4}-.0072022{col 83}{space 3}  .008759
{txt}{space 17}w1Agecent48 {c |}{col 30}{res}{space 2}  .010312{col 42}{space 2} .0010671{col 53}{space 1}    9.66{col 62}{space 3}0.000{col 70}{space 4} .0082205{col 83}{space 3} .0124035
{txt}{space 28} {c |}
{space 4}c.timew1w3#c.w1Agecent48 {c |}{col 30}{res}{space 2} .0007515{col 42}{space 2} .0002374{col 53}{space 1}    3.17{col 62}{space 3}0.002{col 70}{space 4} .0002861{col 83}{space 3} .0012168
{txt}{space 28} {c |}
{space 20}timew1w3 {c |}{col 30}{res}{space 2}        0{col 42}{txt}  (omitted)
{space 28} {c |}
{space 25}Sex {c |}
{space 24}Men  {c |}{col 30}{res}{space 2} .0855047{col 42}{space 2} .0202468{col 53}{space 1}    4.22{col 62}{space 3}0.000{col 70}{space 4} .0458217{col 83}{space 3} .1251877
{txt}{space 28} {c |}
{space 14}Sex#c.timew1w3 {c |}
{space 24}Men  {c |}{col 30}{res}{space 2} .0019723{col 42}{space 2} .0044888{col 53}{space 1}    0.44{col 62}{space 3}0.660{col 70}{space 4}-.0068255{col 83}{space 3} .0107702
{txt}{space 28} {c |}
{space 20}timew1w3 {c |}{col 30}{res}{space 2}        0{col 42}{txt}  (omitted)
{space 28} {c |}
{space 24}Race {c |}
{space 22}AfrAm  {c |}{col 30}{res}{space 2} .1814656{col 42}{space 2} .0193744{col 53}{space 1}    9.37{col 62}{space 3}0.000{col 70}{space 4} .1434925{col 83}{space 3} .2194387
{txt}{space 28} {c |}
{space 13}Race#c.timew1w3 {c |}
{space 22}AfrAm  {c |}{col 30}{res}{space 2} .0006818{col 42}{space 2} .0043237{col 53}{space 1}    0.16{col 62}{space 3}0.875{col 70}{space 4}-.0077926{col 83}{space 3} .0091562
{txt}{space 28} {c |}
{space 20}timew1w3 {c |}{col 30}{res}{space 2}        0{col 42}{txt}  (omitted)
{space 28} {c |}
{space 21}PovStat {c |}
{space 22}Below  {c |}{col 30}{res}{space 2} .0926278{col 42}{space 2} .0201766{col 53}{space 1}    4.59{col 62}{space 3}0.000{col 70}{space 4} .0530823{col 83}{space 3} .1321732
{txt}{space 28} {c |}
{space 10}PovStat#c.timew1w3 {c |}
{space 22}Below  {c |}{col 30}{res}{space 2} .0044687{col 42}{space 2} .0043833{col 53}{space 1}    1.02{col 62}{space 3}0.308{col 70}{space 4}-.0041224{col 83}{space 3} .0130599
{txt}{space 28} {c |}
{space 20}timew1w3 {c |}{col 30}{res}{space 2}        0{col 42}{txt}  (omitted)
{space 17}invmillsmms {c |}{col 30}{res}{space 2} .0003866{col 42}{space 2} .0006352{col 53}{space 1}    0.61{col 62}{space 3}0.543{col 70}{space 4}-.0008584{col 83}{space 3} .0016317
{txt}{space 28} {c |}
{space 4}c.timew1w3#c.invmillsmms {c |}{col 30}{res}{space 2}-.0001492{col 42}{space 2} .0001286{col 53}{space 1}   -1.16{col 62}{space 3}0.246{col 70}{space 4}-.0004012{col 83}{space 3} .0001028
{txt}{space 28} {c |}
{space 20}timew1w3 {c |}{col 30}{res}{space 2}        0{col 42}{txt}  (omitted)
{space 13}w1HCYcenter2p15 {c |}{col 30}{res}{space 2} .1009537{col 42}{space 2} .0311174{col 53}{space 1}    3.24{col 62}{space 3}0.001{col 70}{space 4} .0399647{col 83}{space 3} .1619426
{txt}{space 28} {c |}
c.timew1w3#c.w1HCYcenter2p15 {c |}{col 30}{res}{space 2}-.0079233{col 42}{space 2} .0070181{col 53}{space 1}   -1.13{col 62}{space 3}0.259{col 70}{space 4}-.0216785{col 83}{space 3} .0058318
{txt}{space 28} {c |}
{space 23}_cons {c |}{col 30}{res}{space 2} 3.280306{col 42}{space 2} .0178024{col 53}{space 1}  184.26{col 62}{space 3}0.000{col 70}{space 4} 3.245414{col 83}{space 3} 3.315198
{txt}{hline 29}{c BT}{hline 11}{hline 11}{hline 9}{hline 8}{hline 13}{hline 12}
{res}
{txt}{hline 29}{c TT}{hline 48}
{col 3}Random-effects parameters{col 30}{c |}{col 34}Estimate{col 45}Std. err.{col 59}[95% conf. interval]
{hline 29}{c +}{hline 48}
{res}HNDID{txt}: Independent{col 30}{c |}
{space 15}var(timew1w3) {c |}{res}{col 33} .0006512{col 44} .0002807{col 58} .0002798{col 70} .0015157
{txt}{space 18}var(_cons) {c |}{res}{col 33} .0707903{col 44} .0041782{col 58} .0630571{col 70} .0794719
{txt}{hline 29}{c +}{hline 48}
{col 16}var(Residual){col 30}{c |}{res}{col 33} .0554204{col 44} .0036869{col 58} .0486455{col 70} .0631388
{txt}{hline 29}{c BT}{hline 48}
LR test vs. linear model:{col 27}chi2({res}2{txt}) = {res}407.29{col 59}{txt}Prob > chi2 ={col 73}{res}0.0000

{txt}{p 0 6 4}Note: {help j_mixedlr##|_new:LR test is conservative} and provided only for reference.{p_end}

{com}. 
. margins, at(c.timew1w3=(0(1)8) c.w1HCYcenter2p15=(-1(1)1)) 
{res}
{txt}{col 1}Predictive margins{col 58}{lalign 13:Number of obs}{col 71} = {res}{ralign 5:2,701}

{txt}{p2colset 1 13 13 2}{...}
{p2col:Expression:}{res:Linear prediction, fixed portion, predict()}{p_end}
{p2colreset}{...}
{lalign 8:1._at: }{space 0}{lalign 15:timew1w3} = {res:{ralign 2:0}}
{lalign 8:}{space 0}{lalign 15:w1HCYcenter2p15} = {res:{ralign 2:-1}}
{lalign 8:2._at: }{space 0}{lalign 15:timew1w3} = {res:{ralign 2:0}}
{lalign 8:}{space 0}{lalign 15:w1HCYcenter2p15} = {res:{ralign 2:0}}
{lalign 8:3._at: }{space 0}{lalign 15:timew1w3} = {res:{ralign 2:0}}
{lalign 8:}{space 0}{lalign 15:w1HCYcenter2p15} = {res:{ralign 2:1}}
{lalign 8:4._at: }{space 0}{lalign 15:timew1w3} = {res:{ralign 2:1}}
{lalign 8:}{space 0}{lalign 15:w1HCYcenter2p15} = {res:{ralign 2:-1}}
{lalign 8:5._at: }{space 0}{lalign 15:timew1w3} = {res:{ralign 2:1}}
{lalign 8:}{space 0}{lalign 15:w1HCYcenter2p15} = {res:{ralign 2:0}}
{lalign 8:6._at: }{space 0}{lalign 15:timew1w3} = {res:{ralign 2:1}}
{lalign 8:}{space 0}{lalign 15:w1HCYcenter2p15} = {res:{ralign 2:1}}
{lalign 8:7._at: }{space 0}{lalign 15:timew1w3} = {res:{ralign 2:2}}
{lalign 8:}{space 0}{lalign 15:w1HCYcenter2p15} = {res:{ralign 2:-1}}
{lalign 8:8._at: }{space 0}{lalign 15:timew1w3} = {res:{ralign 2:2}}
{lalign 8:}{space 0}{lalign 15:w1HCYcenter2p15} = {res:{ralign 2:0}}
{lalign 8:9._at: }{space 0}{lalign 15:timew1w3} = {res:{ralign 2:2}}
{lalign 8:}{space 0}{lalign 15:w1HCYcenter2p15} = {res:{ralign 2:1}}
{lalign 8:10._at: }{space 0}{lalign 15:timew1w3} = {res:{ralign 2:3}}
{lalign 8:}{space 0}{lalign 15:w1HCYcenter2p15} = {res:{ralign 2:-1}}
{lalign 8:11._at: }{space 0}{lalign 15:timew1w3} = {res:{ralign 2:3}}
{lalign 8:}{space 0}{lalign 15:w1HCYcenter2p15} = {res:{ralign 2:0}}
{lalign 8:12._at: }{space 0}{lalign 15:timew1w3} = {res:{ralign 2:3}}
{lalign 8:}{space 0}{lalign 15:w1HCYcenter2p15} = {res:{ralign 2:1}}
{lalign 8:13._at: }{space 0}{lalign 15:timew1w3} = {res:{ralign 2:4}}
{lalign 8:}{space 0}{lalign 15:w1HCYcenter2p15} = {res:{ralign 2:-1}}
{lalign 8:14._at: }{space 0}{lalign 15:timew1w3} = {res:{ralign 2:4}}
{lalign 8:}{space 0}{lalign 15:w1HCYcenter2p15} = {res:{ralign 2:0}}
{lalign 8:15._at: }{space 0}{lalign 15:timew1w3} = {res:{ralign 2:4}}
{lalign 8:}{space 0}{lalign 15:w1HCYcenter2p15} = {res:{ralign 2:1}}
{lalign 8:16._at: }{space 0}{lalign 15:timew1w3} = {res:{ralign 2:5}}
{lalign 8:}{space 0}{lalign 15:w1HCYcenter2p15} = {res:{ralign 2:-1}}
{lalign 8:17._at: }{space 0}{lalign 15:timew1w3} = {res:{ralign 2:5}}
{lalign 8:}{space 0}{lalign 15:w1HCYcenter2p15} = {res:{ralign 2:0}}
{lalign 8:18._at: }{space 0}{lalign 15:timew1w3} = {res:{ralign 2:5}}
{lalign 8:}{space 0}{lalign 15:w1HCYcenter2p15} = {res:{ralign 2:1}}
{lalign 8:19._at: }{space 0}{lalign 15:timew1w3} = {res:{ralign 2:6}}
{lalign 8:}{space 0}{lalign 15:w1HCYcenter2p15} = {res:{ralign 2:-1}}
{lalign 8:20._at: }{space 0}{lalign 15:timew1w3} = {res:{ralign 2:6}}
{lalign 8:}{space 0}{lalign 15:w1HCYcenter2p15} = {res:{ralign 2:0}}
{lalign 8:21._at: }{space 0}{lalign 15:timew1w3} = {res:{ralign 2:6}}
{lalign 8:}{space 0}{lalign 15:w1HCYcenter2p15} = {res:{ralign 2:1}}
{lalign 8:22._at: }{space 0}{lalign 15:timew1w3} = {res:{ralign 2:7}}
{lalign 8:}{space 0}{lalign 15:w1HCYcenter2p15} = {res:{ralign 2:-1}}
{lalign 8:23._at: }{space 0}{lalign 15:timew1w3} = {res:{ralign 2:7}}
{lalign 8:}{space 0}{lalign 15:w1HCYcenter2p15} = {res:{ralign 2:0}}
{lalign 8:24._at: }{space 0}{lalign 15:timew1w3} = {res:{ralign 2:7}}
{lalign 8:}{space 0}{lalign 15:w1HCYcenter2p15} = {res:{ralign 2:1}}
{lalign 8:25._at: }{space 0}{lalign 15:timew1w3} = {res:{ralign 2:8}}
{lalign 8:}{space 0}{lalign 15:w1HCYcenter2p15} = {res:{ralign 2:-1}}
{lalign 8:26._at: }{space 0}{lalign 15:timew1w3} = {res:{ralign 2:8}}
{lalign 8:}{space 0}{lalign 15:w1HCYcenter2p15} = {res:{ralign 2:0}}
{lalign 8:27._at: }{space 0}{lalign 15:timew1w3} = {res:{ralign 2:8}}
{lalign 8:}{space 0}{lalign 15:w1HCYcenter2p15} = {res:{ralign 2:1}}

{res}{txt}{hline 13}{c TT}{hline 11}{hline 11}{hline 9}{hline 8}{hline 13}{hline 12}
{col 14}{c |}{col 26} Delta-method
{col 14}{c |}     Margin{col 26}   std. err.{col 38}      z{col 46}   P>|z|{col 54}     [95% con{col 67}f. interval]
{hline 13}{c +}{hline 11}{hline 11}{hline 9}{hline 8}{hline 13}{hline 12}
{space 9}_at {c |}
{space 10}1  {c |}{col 14}{res}{space 2} 3.348847{col 26}{space 2} .0324736{col 37}{space 1}  103.13{col 46}{space 3}0.000{col 54}{space 4}   3.2852{col 67}{space 3} 3.412495
{txt}{space 10}2  {c |}{col 14}{res}{space 2} 3.449801{col 26}{space 2} .0095261{col 37}{space 1}  362.14{col 46}{space 3}0.000{col 54}{space 4}  3.43113{col 67}{space 3} 3.468472
{txt}{space 10}3  {c |}{col 14}{res}{space 2} 3.550755{col 26}{space 2}  .032612{col 37}{space 1}  108.88{col 46}{space 3}0.000{col 54}{space 4} 3.486836{col 67}{space 3} 3.614673
{txt}{space 10}4  {c |}{col 14}{res}{space 2} 3.360338{col 26}{space 2} .0299796{col 37}{space 1}  112.09{col 46}{space 3}0.000{col 54}{space 4} 3.301579{col 67}{space 3} 3.419097
{txt}{space 10}5  {c |}{col 14}{res}{space 2} 3.453369{col 26}{space 2} .0087982{col 37}{space 1}  392.51{col 46}{space 3}0.000{col 54}{space 4} 3.436125{col 67}{space 3} 3.470613
{txt}{space 10}6  {c |}{col 14}{res}{space 2} 3.546399{col 26}{space 2} .0301263{col 37}{space 1}  117.72{col 46}{space 3}0.000{col 54}{space 4} 3.487353{col 67}{space 3} 3.605446
{txt}{space 10}7  {c |}{col 14}{res}{space 2} 3.371829{col 26}{space 2} .0291576{col 37}{space 1}  115.64{col 46}{space 3}0.000{col 54}{space 4} 3.314681{col 67}{space 3} 3.428977
{txt}{space 10}8  {c |}{col 14}{res}{space 2} 3.456936{col 26}{space 2} .0085467{col 37}{space 1}  404.48{col 46}{space 3}0.000{col 54}{space 4} 3.440185{col 67}{space 3} 3.473687
{txt}{space 10}9  {c |}{col 14}{res}{space 2} 3.542043{col 26}{space 2} .0293167{col 37}{space 1}  120.82{col 46}{space 3}0.000{col 54}{space 4} 3.484584{col 67}{space 3} 3.599503
{txt}{space 9}10  {c |}{col 14}{res}{space 2}  3.38332{col 26}{space 2} .0301447{col 37}{space 1}  112.24{col 46}{space 3}0.000{col 54}{space 4} 3.324238{col 67}{space 3} 3.442403
{txt}{space 9}11  {c |}{col 14}{res}{space 2} 3.460504{col 26}{space 2} .0088125{col 37}{space 1}  392.68{col 46}{space 3}0.000{col 54}{space 4} 3.443232{col 67}{space 3} 3.477776
{txt}{space 9}12  {c |}{col 14}{res}{space 2} 3.537688{col 26}{space 2} .0303176{col 37}{space 1}  116.69{col 46}{space 3}0.000{col 54}{space 4} 3.478266{col 67}{space 3} 3.597109
{txt}{space 9}13  {c |}{col 14}{res}{space 2} 3.394811{col 26}{space 2}  .032778{col 37}{space 1}  103.57{col 46}{space 3}0.000{col 54}{space 4} 3.330568{col 67}{space 3} 3.459055
{txt}{space 9}14  {c |}{col 14}{res}{space 2} 3.464072{col 26}{space 2} .0095527{col 37}{space 1}  362.63{col 46}{space 3}0.000{col 54}{space 4} 3.445349{col 67}{space 3} 3.482795
{txt}{space 9}15  {c |}{col 14}{res}{space 2} 3.533332{col 26}{space 2} .0329646{col 37}{space 1}  107.19{col 46}{space 3}0.000{col 54}{space 4} 3.468723{col 67}{space 3} 3.597941
{txt}{space 9}16  {c |}{col 14}{res}{space 2} 3.406302{col 26}{space 2} .0367047{col 37}{space 1}   92.80{col 46}{space 3}0.000{col 54}{space 4} 3.334362{col 67}{space 3} 3.478242
{txt}{space 9}17  {c |}{col 14}{res}{space 2} 3.467639{col 26}{space 2} .0106688{col 37}{space 1}  325.03{col 46}{space 3}0.000{col 54}{space 4} 3.446729{col 67}{space 3}  3.48855
{txt}{space 9}18  {c |}{col 14}{res}{space 2} 3.528976{col 26}{space 2} .0369051{col 37}{space 1}   95.62{col 46}{space 3}0.000{col 54}{space 4} 3.456644{col 67}{space 3} 3.601309
{txt}{space 9}19  {c |}{col 14}{res}{space 2} 3.417793{col 26}{space 2} .0415599{col 37}{space 1}   82.24{col 46}{space 3}0.000{col 54}{space 4} 3.336337{col 67}{space 3} 3.499249
{txt}{space 9}20  {c |}{col 14}{res}{space 2} 3.471207{col 26}{space 2}  .012057{col 37}{space 1}  287.90{col 46}{space 3}0.000{col 54}{space 4} 3.447576{col 67}{space 3} 3.494838
{txt}{space 9}21  {c |}{col 14}{res}{space 2} 3.524621{col 26}{space 2} .0417747{col 37}{space 1}   84.37{col 46}{space 3}0.000{col 54}{space 4} 3.442744{col 67}{space 3} 3.606498
{txt}{space 9}22  {c |}{col 14}{res}{space 2} 3.429284{col 26}{space 2} .0470571{col 37}{space 1}   72.87{col 46}{space 3}0.000{col 54}{space 4} 3.337054{col 67}{space 3} 3.521514
{txt}{space 9}23  {c |}{col 14}{res}{space 2} 3.474775{col 26}{space 2} .0136343{col 37}{space 1}  254.85{col 46}{space 3}0.000{col 54}{space 4} 3.448052{col 67}{space 3} 3.501497
{txt}{space 9}24  {c |}{col 14}{res}{space 2} 3.520265{col 26}{space 2} .0472872{col 37}{space 1}   74.44{col 46}{space 3}0.000{col 54}{space 4} 3.427584{col 67}{space 3} 3.612946
{txt}{space 9}25  {c |}{col 14}{res}{space 2} 3.440775{col 26}{space 2} .0529968{col 37}{space 1}   64.92{col 46}{space 3}0.000{col 54}{space 4} 3.336903{col 67}{space 3} 3.544647
{txt}{space 9}26  {c |}{col 14}{res}{space 2} 3.478342{col 26}{space 2} .0153427{col 37}{space 1}  226.71{col 46}{space 3}0.000{col 54}{space 4} 3.448271{col 67}{space 3} 3.508413
{txt}{space 9}27  {c |}{col 14}{res}{space 2} 3.515909{col 26}{space 2} .0532434{col 37}{space 1}   66.03{col 46}{space 3}0.000{col 54}{space 4} 3.411554{col 67}{space 3} 3.620264
{txt}{hline 13}{c BT}{hline 11}{hline 11}{hline 9}{hline 8}{hline 13}{hline 12}
{res}{txt}
{com}. 
. 
. marginsplot, recast(line) recastci(rarea) ciopt(color(gs10) alwidth(none) fintensity(90)) ci1opt(color(gs15) alwidth(none) fintensity(90)) ci2opt(color(gs12) alwidth(none) fintensity(90)) plotopts(lc(gs0) lpattern(solid)) plot1opts(lc(gs0) lpattern(dot)) plot2opts(lc(gs0) lpattern(dash)) legend(order(1 "w1HCYcenter2p15=-1" 2 "w1HCYcenter2p15=0" 3 "w1HCYcenter2p15=1") ) 
{res}
{text}{p 0 0 2}Variables that uniquely identify margins: {bf:timew1w3 w1HCYcenter2p15}{p_end}
{res}{txt}
{com}. 
. graph save "FIGURE4.gph",replace 
{txt}{p 0 4 2}
(file {bf}
FIGURE4.gph{rm}
not found)
{p_end}
{res}{txt}file {bf:FIGURE4.gph} saved

{com}. 
. 
. su w1HCYcenter2p15 if HNDwave==1

{txt}    Variable {c |}        Obs        Mean    Std. dev.       Min        Max
{hline 13}{c +}{hline 57}
w1HCYcent~15 {c |}{res}      1,460   -.0006306    .3278358   -1.09221   2.573753
{txt}
{com}. 
. capture log close
{smcl}
{com}{sf}{ul off}